Resolved 58 packages in 1.74s
   Building antlr4-python3-runtime==4.9.3
Downloading torchaudio (1.7MiB)
Downloading pillow (6.6MiB)
Downloading fonttools (5.2MiB)
Downloading llvmlite (57.1MiB)
Downloading scikit-learn (8.9MiB)
Downloading numba (3.6MiB)
Downloading sympy (5.9MiB)
Downloading numpy (17.4MiB)
Downloading pandas (12.5MiB)
Downloading matplotlib (8.2MiB)
Downloading networkx (2.0MiB)
Downloading scipy (35.9MiB)
Downloading torch (166.6MiB)
Downloading kiwisolver (1.4MiB)
Downloading imageio-ffmpeg (28.1MiB)
Downloading soundfile (1.3MiB)
 Downloaded torchaudio
      Built antlr4-python3-runtime==4.9.3
 Downloaded soundfile
 Downloaded kiwisolver
 Downloaded networkx
 Downloaded torch
 Downloaded numba
 Downloaded fonttools
 Downloaded sympy
 Downloaded pillow
 Downloaded matplotlib
 Downloaded scikit-learn
 Downloaded pandas
 Downloaded numpy
 Downloaded imageio-ffmpeg
 Downloaded scipy
 Downloaded llvmlite
Prepared 58 packages in 13.03s
Installed 58 packages in 161ms
 + antlr4-python3-runtime==4.9.3
 + audioread==3.1.0
 + audioseal==0.2.0
 + certifi==2026.7.22
 + cffi==2.1.1
 + charset-normalizer==3.5.1
 + cloudpickle==3.1.2
 + contourpy==1.3.3
 + cycler==0.12.1
 + decorator==5.3.1
 + einops==0.8.2
 + filelock==3.32.5
 + fonttools==4.64.0
 + fsspec==2026.7.0
 + idna==3.19
 + imageio-ffmpeg==0.6.0
 + iniconfig==2.3.0
 + jinja2==3.1.6
 + joblib==1.6.0
 + kiwisolver==1.5.1
 + lazy-loader==0.5
 + librosa==0.11.0
 + llvmlite==0.49.0
 + markupsafe==3.0.3
 + matplotlib==3.10.1
 + mpmath==1.3.0
 + msgpack==1.2.2
 + narwhals==2.25.0
 + networkx==3.6.1
 + numba==0.67.0
 + numpy==1.26.4
 + omegaconf==2.3.1
 + packaging==26.3
 + pandas==2.2.3
 + pillow==12.3.0
 + platformdirs==4.11.7
 + pluggy==1.6.0
 + pooch==1.9.0
 + pycparser==3.0
 + pyparsing==3.3.2
 + pystoi==0.4.1
 + pytest==8.3.5
 + python-dateutil==2.9.0.post0
 + pytz==2026.3.post1
 + pyyaml==6.0.2
 + requests==2.34.2
 + scikit-learn==1.9.0
 + scipy==1.15.2
 + six==1.17.0
 + soundfile==0.13.1
 + soxr==1.1.0
 + sympy==1.13.1
 + threadpoolctl==3.6.0
 + torch==2.5.1+cpu
 + torchaudio==2.5.1+cpu
 + typing-extensions==4.16.0
 + tzdata==2026.3
 + urllib3==2.7.0
