[master (root-commit) 3a1ad8d] Implement official AudioSeal preliminary robustness experiment
 56 files changed, 4102 insertions(+)
 create mode 100644 .gitignore
 create mode 100644 IMPLEMENTATION_PLAN.md
 create mode 100644 README.md
 create mode 100644 STATUS.md
 create mode 100644 configs/attacks.yaml
 create mode 100644 configs/experiment.yaml
 create mode 100644 data/README.md
 create mode 100644 data/manifests/evaluation_manifest.csv
 create mode 100644 outputs/audioseal_pypi.json
 create mode 100644 outputs/audioseal_source_commit.json
 create mode 100644 outputs/checkpoint_source_metadata.json
 create mode 100644 outputs/data_preparation.json
 create mode 100644 outputs/environment.json
 create mode 100644 outputs/logs/dependency_install.log
 create mode 100644 outputs/logs/environment.log
 create mode 100644 outputs/logs/fetch_models.log
 create mode 100644 outputs/logs/prepare_data.log
 create mode 100644 outputs/logs/python_install.log
 create mode 100644 outputs/logs/setuptools_install.log
 create mode 100644 outputs/logs/smoke_test.log
 create mode 100644 outputs/logs/smoke_test_retry02.log
 create mode 100644 outputs/logs/tests_before_pilot.log
 create mode 100644 outputs/logs/tests_integrated_before_pilot.log
 create mode 100644 outputs/logs/uv_install.log
 create mode 100644 outputs/logs/venv.log
 create mode 100644 outputs/model_provenance.json
 create mode 100644 outputs/smoke_test.json
 create mode 100644 outputs/smoke_test_failed_01.json
 create mode 100644 pyproject.toml
 create mode 100644 reports/source_notes.md
 create mode 100644 requirements-lock.txt
 create mode 100644 requirements.txt
 create mode 100644 scripts/check_environment.py
 create mode 100644 scripts/compare_runs.py
 create mode 100644 scripts/fetch_models.py
 create mode 100644 scripts/generate_report.py
 create mode 100644 scripts/inspect_pilot.py
 create mode 100644 scripts/prepare_data.py
 create mode 100644 scripts/run_experiment.py
 create mode 100644 scripts/run_smoke_test.py
 create mode 100644 scripts/setup.sh
 create mode 100644 src/audio_wm_eval/__init__.py
 create mode 100644 src/audio_wm_eval/attacks.py
 create mode 100644 src/audio_wm_eval/audio_io.py
 create mode 100644 src/audio_wm_eval/audioseal_adapter.py
 create mode 100644 src/audio_wm_eval/common.py
 create mode 100644 src/audio_wm_eval/experiment.py
 create mode 100644 src/audio_wm_eval/metrics.py
 create mode 100644 src/audio_wm_eval/reporting.py
 create mode 100644 tests/test_attacks.py
 create mode 100644 tests/test_audio_io.py
 create mode 100644 tests/test_data.py
 create mode 100644 tests/test_experiment.py
 create mode 100644 tests/test_metrics.py
 create mode 100644 tests/test_reporting.py
 create mode 100644 tests/test_reproducibility.py
